Traceback (most recent call last):
  File "D:\AI\work\a1\pcdmis_toolbox\main.py", line 113, in <module>
    main()
  File "D:\AI\work\a1\pcdmis_toolbox\main.py", line 105, in main
    shell = Shell(root)
            ^^^^^^^^^^^
  File "D:\AI\work\a1\pcdmis_toolbox\toolbox\shell.py", line 17, in __init__
    ctk.CTkLabel(root, text=f"{APP_TITLE} {APP_VERSION}\n\n(Phase 0 骨架阶段)", font=("Microsoft YaHei", 18)).pack(
    ^^^^^^^^^^^^^^^^^^^^^^^^^^^^^^^^^^^^^^^^^^^^^^^^^^^^^^^^^^^^^^^^^^^^^^^^^^^^^^^^^^^^^^^^^^^^^^^^^^^^^^^^^
  File "C:\Users\terence\AppData\Local\Programs\Python\Python312\Lib\site-packages\customtkinter\windows\widgets\ctk_label.py", line 123, in __init__
    self._draw()
  File "C:\Users\terence\AppData\Local\Programs\Python\Python312\Lib\site-packages\customtkinter\windows\widgets\ctk_label.py", line 203, in _draw
    self._canvas.itemconfig("inner_parts",
  File "C:\Users\terence\AppData\Local\Programs\Python\Python312\Lib\site-packages\customtkinter\windows\widgets\core_rendering\ctk_canvas.py", line 119, in itemconfig
    super().itemconfigure(configure_id, *args, **kwargs)
  File "C:\Users\terence\AppData\Local\Programs\Python\Python312\Lib\tkinter\__init__.py", line 2990, in itemconfigure
    return self._configure(('itemconfigure', tagOrId), cnf, kw)
           ^^^^^^^^^^^^^^^^^^^^^^^^^^^^^^^^^^^^^^^^^^^^^^^^^^^^
  File "C:\Users\terence\AppData\Local\Programs\Python\Python312\Lib\tkinter\__init__.py", line 1712, in _configure
    self.tk.call(_flatten((self._w, cmd)) + self._options(cnf))
_tkinter.TclError: unknown color name "transparent"
Traceback (most recent call last):
  File "D:\AI\work\a1\pcdmis_toolbox\main.py", line 113, in <module>
    main()
  File "D:\AI\work\a1\pcdmis_toolbox\main.py", line 105, in main
    shell = Shell(root)
            ^^^^^^^^^^^
  File "D:\AI\work\a1\pcdmis_toolbox\toolbox\shell.py", line 17, in __init__
    ctk.CTkLabel(root, text=f"{APP_TITLE} {APP_VERSION}\n\n(Phase 0 骨架阶段)", font=("Microsoft YaHei", 18)).pack(
    ^^^^^^^^^^^^^^^^^^^^^^^^^^^^^^^^^^^^^^^^^^^^^^^^^^^^^^^^^^^^^^^^^^^^^^^^^^^^^^^^^^^^^^^^^^^^^^^^^^^^^^^^^
  File "C:\Users\terence\AppData\Local\Programs\Python\Python312\Lib\site-packages\customtkinter\windows\widgets\ctk_label.py", line 123, in __init__
    self._draw()
  File "C:\Users\terence\AppData\Local\Programs\Python\Python312\Lib\site-packages\customtkinter\windows\widgets\ctk_label.py", line 203, in _draw
    self._canvas.itemconfig("inner_parts",
  File "C:\Users\terence\AppData\Local\Programs\Python\Python312\Lib\site-packages\customtkinter\windows\widgets\core_rendering\ctk_canvas.py", line 119, in itemconfig
    super().itemconfigure(configure_id, *args, **kwargs)
  File "C:\Users\terence\AppData\Local\Programs\Python\Python312\Lib\tkinter\__init__.py", line 2990, in itemconfigure
    return self._configure(('itemconfigure', tagOrId), cnf, kw)
           ^^^^^^^^^^^^^^^^^^^^^^^^^^^^^^^^^^^^^^^^^^^^^^^^^^^^
  File "C:\Users\terence\AppData\Local\Programs\Python\Python312\Lib\tkinter\__init__.py", line 1712, in _configure
    self.tk.call(_flatten((self._w, cmd)) + self._options(cnf))
_tkinter.TclError: unknown color name "transparent"
Traceback (most recent call last):
  File "D:\AI\work\a1\pcdmis_toolbox\main.py", line 113, in <module>
    main()
  File "D:\AI\work\a1\pcdmis_toolbox\main.py", line 105, in main
    shell = Shell(root)
            ^^^^^^^^^^^
  File "D:\AI\work\a1\pcdmis_toolbox\toolbox\shell.py", line 17, in __init__
    ctk.CTkLabel(root, text=f"{APP_TITLE} {APP_VERSION}\n\n(Phase 0 骨架阶段)", font=("Microsoft YaHei", 18)).pack(
    ^^^^^^^^^^^^^^^^^^^^^^^^^^^^^^^^^^^^^^^^^^^^^^^^^^^^^^^^^^^^^^^^^^^^^^^^^^^^^^^^^^^^^^^^^^^^^^^^^^^^^^^^^
  File "C:\Users\terence\AppData\Local\Programs\Python\Python312\Lib\site-packages\customtkinter\windows\widgets\ctk_label.py", line 50, in __init__
    self._fg_color = ThemeManager.theme["CTkLabel"]["fg_color"] if fg_color is None else self._check_color_type(fg_color, transparency=True)
                     ~~~~~~~~~~~~~~~~~~~~~~~~~~~~~~^^^^^^^^^^^^
KeyError: 'fg_color'
Traceback (most recent call last):
  File "D:\AI\work\a1\pcdmis_toolbox\main.py", line 113, in <module>
    main()
  File "D:\AI\work\a1\pcdmis_toolbox\main.py", line 105, in main
    shell = Shell(root)
            ^^^^^^^^^^^
  File "D:\AI\work\a1\pcdmis_toolbox\toolbox\shell.py", line 17, in __init__
    ctk.CTkLabel(root, text=f"{APP_TITLE} {APP_VERSION}\n\n(Phase 0 骨架阶段)", font=("Microsoft YaHei", 18)).pack(
    ^^^^^^^^^^^^^^^^^^^^^^^^^^^^^^^^^^^^^^^^^^^^^^^^^^^^^^^^^^^^^^^^^^^^^^^^^^^^^^^^^^^^^^^^^^^^^^^^^^^^^^^^^
  File "C:\Users\terence\AppData\Local\Programs\Python\Python312\Lib\site-packages\customtkinter\windows\widgets\ctk_label.py", line 50, in __init__
    self._fg_color = ThemeManager.theme["CTkLabel"]["fg_color"] if fg_color is None else self._check_color_type(fg_color, transparency=True)
                     ~~~~~~~~~~~~~~~~~~~~~~~~~~~~~~^^^^^^^^^^^^
KeyError: 'fg_color'
Traceback (most recent call last):
  File "D:\AI\work\a1\pcdmis_toolbox\main.py", line 113, in <module>
    main()
  File "D:\AI\work\a1\pcdmis_toolbox\main.py", line 105, in main
    shell = Shell(root)
            ^^^^^^^^^^^
  File "D:\AI\work\a1\pcdmis_toolbox\toolbox\shell.py", line 46, in __init__
    self._build_layout()
  File "D:\AI\work\a1\pcdmis_toolbox\toolbox\shell.py", line 57, in _build_layout
    self._header = ctk.CTkFrame(root, height=48, corner_radius=0)
                   ^^^^^^^^^^^^^^^^^^^^^^^^^^^^^^^^^^^^^^^^^^^^^^
  File "C:\Users\terence\AppData\Local\Programs\Python\Python312\Lib\site-packages\customtkinter\windows\widgets\ctk_frame.py", line 54, in __init__
    self._border_width = ThemeManager.theme["CTkFrame"]["border_width"] if border_width is None else border_width
                         ~~~~~~~~~~~~~~~~~~~~~~~~~~~~~~^^^^^^^^^^^^^^^^
KeyError: 'border_width'
Traceback (most recent call last):
  File "D:\AI\work\a1\pcdmis_toolbox\main.py", line 113, in <module>
    main()
  File "D:\AI\work\a1\pcdmis_toolbox\main.py", line 105, in main
    shell = Shell(root)
            ^^^^^^^^^^^
  File "D:\AI\work\a1\pcdmis_toolbox\toolbox\shell.py", line 47, in __init__
    self._load_modules()
  File "D:\AI\work\a1\pcdmis_toolbox\toolbox\shell.py", line 133, in _load_modules
    self._add_nav_button(name, mod)
  File "D:\AI\work\a1\pcdmis_toolbox\toolbox\shell.py", line 137, in _add_nav_button
    btn = ctk.CTkButton(
          ^^^^^^^^^^^^^^
  File "C:\Users\terence\AppData\Local\Programs\Python\Python312\Lib\site-packages\customtkinter\windows\widgets\ctk_button.py", line 65, in __init__
    self._text_color_disabled: Union[str, Tuple[str, str]] = ThemeManager.theme["CTkButton"]["text_color_disabled"] if text_color_disabled is None else self._check_color_type(text_color_disabled)
                                                             ~~~~~~~~~~~~~~~~~~~~~~~~~~~~~~~^^^^^^^^^^^^^^^^^^^^^^^
KeyError: 'text_color_disabled'
Traceback (most recent call last):
  File "D:\AI\work\a1\pcdmis_toolbox\main.py", line 113, in <module>
    main()
  File "D:\AI\work\a1\pcdmis_toolbox\main.py", line 105, in main
    shell = Shell(root)
            ^^^^^^^^^^^
  File "D:\AI\work\a1\pcdmis_toolbox\toolbox\shell.py", line 48, in __init__
    self._select_first_module()
  File "D:\AI\work\a1\pcdmis_toolbox\toolbox\shell.py", line 159, in _select_first_module
    self._activate_module(names[0])
  File "D:\AI\work\a1\pcdmis_toolbox\toolbox\shell.py", line 193, in _activate_module
    self._placeholder.place_forget()
  File "C:\Users\terence\AppData\Local\Programs\Python\Python312\Lib\site-packages\customtkinter\windows\widgets\core_widget_classes\ctk_base_class.py", line 279, in place_forget
    return super().place_forget()
           ^^^^^^^^^^^^^^^^^^^^^^
  File "C:\Users\terence\AppData\Local\Programs\Python\Python312\Lib\tkinter\__init__.py", line 2543, in place_forget
    self.tk.call('place', 'forget', self._w)
_tkinter.TclError: bad window path name ".!ctkframe2.!ctkframe2.!ctklabel"
